[1;38;5;0;48;5;224mFAIL[0m [1mvalid/float/long[0m
[1;38;5;0;48;5;224m [0m    Values for key "longpi" don't match:
[1;38;5;0;48;5;224m [0m      Expected:     3.141592653589793
[1;38;5;0;48;5;224m [0m      Your encoder: 3.14159265358979

[1m     input sent to parser-cmd:[0m
       longpi = 3.141592653589793
       neglongpi = -3.141592653589793

[1m     output from parser-cmd (stdout):[0m
       {
         "longpi":    {"type": "float", "value": "3.14159265358979"},
         "neglongpi": {"type": "float", "value": "-3.14159265358979"}
       }

[1m     want:[0m
       {
           "longpi":    {"type": "float", "value": "3.141592653589793"},
           "neglongpi": {"type": "float", "value": "-3.141592653589793"}
       }

[1;38;5;0;48;5;224mFAIL[0m [1mvalid/float/max-int[0m
[1;38;5;0;48;5;224m [0m    Values for key "max_float" don't match:
[1;38;5;0;48;5;224m [0m      Expected:     9.007199254740991e+15
[1;38;5;0;48;5;224m [0m      Your encoder: 9.00719925474099e+15

[1m     input sent to parser-cmd:[0m
       # Maximum and minimum safe natural numbers.
       max_float =  9_007_199_254_740_991.0
       min_float = -9_007_199_254_740_991.0

[1m     output from parser-cmd (stdout):[0m
       {
         "max_float": {"type": "float", "value": "9.00719925474099E15"},
         "min_float": {"type": "float", "value": "-9.00719925474099E15"}
       }

[1m     want:[0m
       {
           "max_float": {"type": "float", "value": "9007199254740991"},
           "min_float": {"type": "float", "value": "-9007199254740991"}
       }

[1;38;5;0;48;5;224mFAIL[0m [1mvalid/key/start[0m
[1;38;5;0;48;5;224m [0m    Error: Expected tkRightBracket but got tkBareKey
[1;38;5;0;48;5;224m [0m
[1;38;5;0;48;5;224m [0m    Exit 1

[1m     input sent to parser-cmd:[0m
       # Table and keys can start with any character; there is no requirement for it to
       # start with a letter.

       [-key]
       -key = 1

       [_key]
       _key = 2

       [1key]
       1key = 3

       [-]
       - = 4

       [_]
       _ = 5

       [1]
       1 = 6

       [---]
       --- = 7

       [___]
       ___ = 8

       [111]
       111 = 9

       [inline]
       --- = {--- = 10, ___ = 11, 111 = 12}

[1m     output from parser-cmd (stderr):[0m
       Error: Expected tkRightBracket but got tkBareKey

       Exit 1

[1m     want:[0m
          <empty>

[1;38;5;0;48;5;224mFAIL[0m [1mvalid/spec/array-of-tables-1[0m
[1;38;5;0;48;5;224m [0m    Error: Key "fruits" is not a table
[1;38;5;0;48;5;224m [0m
[1;38;5;0;48;5;224m [0m    Exit 1

[1m     input sent to parser-cmd:[0m
       [[fruits]]
       name = "apple"

       [fruits.physical]  # subtable
       color = "red"
       shape = "round"

       [[fruits.varieties]]  # nested array of tables
       name = "red delicious"

       [[fruits.varieties]]
       name = "granny smith"


       [[fruits]]
       name = "banana"

       [[fruits.varieties]]
       name = "plantain"

[1m     output from parser-cmd (stderr):[0m
       Error: Key "fruits" is not a table

       Exit 1

[1m     want:[0m
          <empty>

[1;38;5;0;48;5;224mFAIL[0m [1mvalid/spec/string-4[0m
[1;38;5;0;48;5;224m [0m    Error: Unclosed string
[1;38;5;0;48;5;224m [0m
[1;38;5;0;48;5;224m [0m    Exit 1

[1m     input sent to parser-cmd:[0m
       str4 = """Here are two quotation marks: "". Simple enough."""
       # str5 = """Here are three quotation marks: """."""  # INVALID
       str5 = """Here are three quotation marks: ""\"."""
       str6 = """Here are fifteen quotation marks: ""\"""\"""\"""\"""\"."""

       # "This," she said, "is just a pointless statement."
       str7 = """"This," she said, "is just a pointless statement.""""

[1m     output from parser-cmd (stderr):[0m
       Error: Unclosed string

       Exit 1

[1m     want:[0m
          <empty>

[1;38;5;0;48;5;224mFAIL[0m [1mvalid/spec/string-7[0m
[1;38;5;0;48;5;224m [0m    Error: Unclosed string
[1;38;5;0;48;5;224m [0m
[1;38;5;0;48;5;224m [0m    Exit 1

[1m     input sent to parser-cmd:[0m
       quot15 = '''Here are fifteen quotation marks: """""""""""""""'''

       # apos15 = '''Here are fifteen apostrophes: ''''''''''''''''''  # INVALID
       apos15 = "Here are fifteen apostrophes: '''''''''''''''"

       # 'That,' she said, 'is still pointless.'
       str = ''''That,' she said, 'is still pointless.''''

[1m     output from parser-cmd (stderr):[0m
       Error: Unclosed string

       Exit 1

[1m     want:[0m
          <empty>

[1;38;5;0;48;5;224mFAIL[0m [1mvalid/string/escape-tricky[0m
[1;38;5;0;48;5;224m [0m    Error: Expected key
[1;38;5;0;48;5;224m [0m
[1;38;5;0;48;5;224m [0m    Exit 1

[1m     input sent to parser-cmd:[0m
       end_esc = "String does not end here\" but ends here\\"
       lit_end_esc = 'String ends here\'

       multiline_unicode = """
       \u00a0"""

       multiline_not_unicode = """
       \\u0041"""

       multiline_end_esc = """When will it end? \"""...""\" should be here\""""

       lit_multiline_not_unicode = '''
       \u007f'''

       lit_multiline_end = '''There is no escape\'''

[1m     output from parser-cmd (stderr):[0m
       Error: Expected key

       Exit 1

[1m     want:[0m
          <empty>

[1;38;5;0;48;5;224mFAIL[0m [1mvalid/string/multiline-quotes[0m
[1;38;5;0;48;5;224m [0m    Error: Expected tkEquals but got tkMultiLineString
[1;38;5;0;48;5;224m [0m
[1;38;5;0;48;5;224m [0m    Exit 1

[1m     input sent to parser-cmd:[0m
       # Make sure that quotes inside multiline strings are allowed, including right
       # after the opening '''/""" and before the closing '''/"""

       lit_one = ''''one quote''''
       lit_two = '''''two quotes'''''
       lit_one_space = ''' 'one quote' '''
       lit_two_space = ''' ''two quotes'' '''

       one = """"one quote""""
       two = """""two quotes"""""
       one_space = """ "one quote" """
       two_space = """ ""two quotes"" """

       mismatch1 = """aaa'''bbb"""
       mismatch2 = '''aaa"""bbb'''

       # Three opening """, then one escaped ", then two "" (allowed), and then three
       # closing """
       escaped = """lol\""""""

       five-quotes = """
       Closing with five quotes
       """""
       four-quotes = """
       Closing with four quotes
       """"

[1m     output from parser-cmd (stderr):[0m
       Error: Expected tkEquals but got tkMultiLineString

       Exit 1

[1m     want:[0m
          <empty>

[1;38;5;0;48;5;224mFAIL[0m [1mvalid/string/raw-multiline[0m
[1;38;5;0;48;5;224m [0m    Error: Expected tkEquals but got tkNewLine
[1;38;5;0;48;5;224m [0m
[1;38;5;0;48;5;224m [0m    Exit 1

[1m     input sent to parser-cmd:[0m
       # Single ' should be allowed.
       oneline = '''This string has a ' quote character.'''

       # A newline immediately following the opening delimiter will be trimmed.
       firstnl = '''
       This string has a ' quote character.'''

       # All other whitespace and newline characters remain intact.
       multiline = '''
       This string
       has ' a quote character
       and more than
       one newline
       in it.'''

       # Tab character in literal string does not need to be escaped
       multiline_with_tab = '''First line
       	 Followed by a tab'''

       this-str-has-apostrophes='''' there's one already
       '' two more
       '''''

[1m     output from parser-cmd (stderr):[0m
       Error: Expected tkEquals but got tkNewLine

       Exit 1

[1m     want:[0m
          <empty>

[1;38;5;0;48;5;224mFAIL[0m [1mvalid/table/array-nest[0m
[1;38;5;0;48;5;224m [0m    Error: Key "albums" is not a table
[1;38;5;0;48;5;224m [0m
[1;38;5;0;48;5;224m [0m    Exit 1

[1m     input sent to parser-cmd:[0m
       [[albums]]
       name = "Born to Run"

         [[albums.songs]]
         name = "Jungleland"

         [[albums.songs]]
         name = "Meeting Across the River"

       [[albums]]
       name = "Born in the USA"

         [[albums.songs]]
         name = "Glory Days"

         [[albums.songs]]
         name = "Dancing in the Dark"

[1m     output from parser-cmd (stderr):[0m
       Error: Key "albums" is not a table

       Exit 1

[1m     want:[0m
          <empty>

[1;38;5;0;48;5;224mFAIL[0m [1mvalid/table/array-table-array[0m
[1;38;5;0;48;5;224m [0m    Error: Key "a" is not a table
[1;38;5;0;48;5;224m [0m
[1;38;5;0;48;5;224m [0m    Exit 1

[1m     input sent to parser-cmd:[0m
       [[a]]
           [[a.b]]
               [a.b.c]
                   d = "val0"
           [[a.b]]
               [a.b.c]
                   d = "val1"

[1m     output from parser-cmd (stderr):[0m
       Error: Key "a" is not a table

       Exit 1

[1m     want:[0m
          <empty>

[1;38;5;0;48;5;224mFAIL[0m [1mvalid/table/names[0m
[1;38;5;0;48;5;224m [0m    Could not find key "x.1" in parser output.

[1m     input sent to parser-cmd:[0m
       [a.b.c]
       [a."b.c"]
       [a.'d.e']
       [a.' x ']
       [ d.e.f ]
       [ g . h . i ]
       [ j . "╩×" . 'l' ]

       [x.1.2]

[1m     output from parser-cmd (stdout):[0m
       {
         "a": {
           " x ": {},
           "b.c": {},
           "d.e": {},
           "b": {
             "c": {}
           }
         },
         "d": {
           "e": {
             "f": {}
           }
         },
         "g": {
           "h": {
             "i": {}
           }
         },
         "j": {
           "╩×": {
             "l": {}
           }
         },
         "x": {
           "1.2": {}
         }
       }

[1m     want:[0m
       {
           "a": {
               " x ": {},
               "b.c": {},
               "d.e": {},
               "b": {
                   "c": {}
               }
           },
           "d": {
               "e": {
                   "f": {}
               }
           },
           "g": {
               "h": {
                   "i": {}
               }
           },
           "j": {
               "╩×": {
                   "l": {}
               }
           },
           "x": {
               "1": {
                   "2": {}
               }
           }
       }

[1;38;5;0;48;5;224mFAIL[0m [1mvalid/table/names-with-values[0m
[1;38;5;0;48;5;224m [0m    Could not find key "x.1" in parser output.

[1m     input sent to parser-cmd:[0m
       [a.b.c]
       key = 1

       [a."b.c"]
       key = 2

       [a.'d.e']
       key = 3

       [a.' x ']
       key = 4

       [ d.e.f ]
       key = 5

       [ g . h . i ]
       key = 6

       [ j . "╩×" . 'l' ]
       key = 7

       [x.1.2]
       key = 8

[1m     output from parser-cmd (stdout):[0m
       {
         "a": {
           " x ": {
             "key": {"type": "integer", "value": "4"}
           },
           "b": {
             "c": {
               "key": {"type": "integer", "value": "1"}
             }
           },
           "b.c": {
             "key": {"type": "integer", "value": "2"}
           },
           "d.e": {
             "key": {"type": "integer", "value": "3"}
           }
         },
         "d": {
           "e": {
             "f": {
               "key": {"type": "integer", "value": "5"}
             }
           }
         },
         "g": {
           "h": {
             "i": {
               "key": {"type": "integer", "value": "6"}
             }
           }
         },
         "j": {
           "╩×": {
             "l": {
               "key": {"type": "integer", "value": "7"}
             }
           }
         },
         "x": {
           "1.2": {
             "key": {"type": "integer", "value": "8"}
           }
         }
       }

[1m     want:[0m
       {
           "a": {
               " x ": {
                   "key": {"type": "integer", "value": "4"}
               },
               "b": {
                   "c": {
                       "key": {"type": "integer", "value": "1"}
                   }
               },
               "b.c": {
                   "key": {"type": "integer", "value": "2"}
               },
               "d.e": {
                   "key": {"type": "integer", "value": "3"}
               }
           },
           "d": {
               "e": {
                   "f": {
                       "key": {"type": "integer", "value": "5"}
                   }
               }
           },
           "g": {
               "h": {
                   "i": {
                       "key": {"type": "integer", "value": "6"}
                   }
               }
           },
           "j": {
               "╩×": {
                   "l": {
                       "key": {"type": "integer", "value": "7"}
                   }
               }
           },
           "x": {
               "1": {
                   "2": {
                       "key": {"type": "integer", "value": "8"}
                   }
               }
           }
       }

[1;38;5;0;48;5;224mFAIL[0m [1minvalid/array/tables-1[0m
[1;38;5;0;48;5;224m [0m    Expected an error, but no error was reported.

[1m     input sent to parser-cmd:[0m
       # INVALID TOML DOC
       fruit = []

       [[fruit]] # Not allowed

[1m     output from parser-cmd (stdout):[0m
       {
         "fruit": [{}]
       }

[1m     want:[0m
       Exit code 1

[1;38;5;0;48;5;224mFAIL[0m [1minvalid/control/bare-cr[0m
[1;38;5;0;48;5;224m [0m    Expected an error, but no error was reported.

[1m     input sent to parser-cmd:[0m
       # The following line contains a single carriage return control character
       

[1m     output from parser-cmd (stdout):[0m
       {}

[1m     want:[0m
       Exit code 1

[1;38;5;0;48;5;224mFAIL[0m [1minvalid/control/bare-null[0m
[1;38;5;0;48;5;224m [0m    Expected an error, but no error was reported.

[1m     input sent to parser-cmd:[0m
       bare-null         = "some value"  

[1m     output from parser-cmd (stdout):[0m
       {
         "bare-null": {"type": "string", "value": "some value"}
       }

[1m     want:[0m
       Exit code 1

[1;38;5;0;48;5;224mFAIL[0m [1minvalid/control/comment-cr[0m
[1;38;5;0;48;5;224m [0m    Expected an error, but no error was reported.

[1m     input sent to parser-cmd:[0m
       comment-cr   = "Carriage return in comment" # 
a=1

[1m     output from parser-cmd (stdout):[0m
       {
         "comment-cr": {"type": "string", "value": "Carriage return in comment"}
       }

[1m     want:[0m
       Exit code 1

[1;38;5;0;48;5;224mFAIL[0m [1minvalid/control/comment-del[0m
[1;38;5;0;48;5;224m [0m    Expected an error, but no error was reported.

[1m     input sent to parser-cmd:[0m
       comment-del  = "0x7f"   # 

[1m     output from parser-cmd (stdout):[0m
       {
         "comment-del": {"type": "string", "value": "0x7f"}
       }

[1m     want:[0m
       Exit code 1

[1;38;5;0;48;5;224mFAIL[0m [1minvalid/control/comment-ff[0m
[1;38;5;0;48;5;224m [0m    Expected an error, but no error was reported.

[1m     input sent to parser-cmd:[0m
       comment-ff   = "0x7f"   # 

[1m     output from parser-cmd (stdout):[0m
       {
         "comment-ff": {"type": "string", "value": "0x7f"}
       }

[1m     want:[0m
       Exit code 1

[1;38;5;0;48;5;224mFAIL[0m [1minvalid/control/comment-lf[0m
[1;38;5;0;48;5;224m [0m    Expected an error, but no error was reported.

[1m     input sent to parser-cmd:[0m
       comment-lf   = "ctrl-P" # 

[1m     output from parser-cmd (stdout):[0m
       {
         "comment-lf": {"type": "string", "value": "ctrl-P"}
       }

[1m     want:[0m
       Exit code 1

[1;38;5;0;48;5;224mFAIL[0m [1minvalid/control/comment-null[0m
[1;38;5;0;48;5;224m [0m    Expected an error, but no error was reported.

[1m     input sent to parser-cmd:[0m
       comment-null = "null"   #  

[1m     output from parser-cmd (stdout):[0m
       {
         "comment-null": {"type": "string", "value": "null"}
       }

[1m     want:[0m
       Exit code 1

[1;38;5;0;48;5;224mFAIL[0m [1minvalid/control/comment-us[0m
[1;38;5;0;48;5;224m [0m    Expected an error, but no error was reported.

[1m     input sent to parser-cmd:[0m
       comment-us   = "ctrl-_" # 

[1m     output from parser-cmd (stdout):[0m
       {
         "comment-us": {"type": "string", "value": "ctrl-_"}
       }

[1m     want:[0m
       Exit code 1

[1;38;5;0;48;5;224mFAIL[0m [1minvalid/control/multi-cr[0m
[1;38;5;0;48;5;224m [0m    Expected an error, but no error was reported.

[1m     input sent to parser-cmd:[0m
       multi-cr   = """null
"""

[1m     output from parser-cmd (stdout):[0m
       {
         "multi-cr": {"type": "string", "value": "null"}
       }

[1m     want:[0m
       Exit code 1

[1;38;5;0;48;5;224mFAIL[0m [1minvalid/control/multi-del[0m
[1;38;5;0;48;5;224m [0m    Expected an error, but no error was reported.

[1m     input sent to parser-cmd:[0m
       multi-del  = """null"""

[1m     output from parser-cmd (stdout):[0m
       {
         "multi-del": {"type": "string", "value": "null"}
       }

[1m     want:[0m
       Exit code 1

[1;38;5;0;48;5;224mFAIL[0m [1minvalid/control/multi-lf[0m
[1;38;5;0;48;5;224m [0m    Expected an error, but no error was reported.

[1m     input sent to parser-cmd:[0m
       multi-lf   = """null"""

[1m     output from parser-cmd (stdout):[0m
       {
         "multi-lf": {"type": "string", "value": "null\u0010"}
       }

[1m     want:[0m
       Exit code 1

[1;38;5;0;48;5;224mFAIL[0m [1minvalid/control/multi-null[0m
[1;38;5;0;48;5;224m [0m    Expected an error, but no error was reported.

[1m     input sent to parser-cmd:[0m
       multi-null = """null """

[1m     output from parser-cmd (stdout):[0m
       {
         "multi-null": {"type": "string", "value": "null\u0000"}
       }

[1m     want:[0m
       Exit code 1

[1;38;5;0;48;5;224mFAIL[0m [1minvalid/control/multi-us[0m
[1;38;5;0;48;5;224m [0m    Expected an error, but no error was reported.

[1m     input sent to parser-cmd:[0m
       multi-us   = """null"""

[1m     output from parser-cmd (stdout):[0m
       {
         "multi-us": {"type": "string", "value": "null\u001f"}
       }

[1m     want:[0m
       Exit code 1

[1;38;5;0;48;5;224mFAIL[0m [1minvalid/control/rawmulti-cr[0m
[1;38;5;0;48;5;224m [0m    Expected an error, but no error was reported.

[1m     input sent to parser-cmd:[0m
       rawmulti-cr   = '''null
'''

[1m     output from parser-cmd (stdout):[0m
       {
         "rawmulti-cr": {"type": "string", "value": "null"}
       }

[1m     want:[0m
       Exit code 1

[1;38;5;0;48;5;224mFAIL[0m [1minvalid/control/rawmulti-del[0m
[1;38;5;0;48;5;224m [0m    Expected an error, but no error was reported.

[1m     input sent to parser-cmd:[0m
       rawmulti-del  = '''null'''

[1m     output from parser-cmd (stdout):[0m
       {
         "rawmulti-del": {"type": "string", "value": "null"}
       }

[1m     want:[0m
       Exit code 1

[1;38;5;0;48;5;224mFAIL[0m [1minvalid/control/rawmulti-lf[0m
[1;38;5;0;48;5;224m [0m    Expected an error, but no error was reported.

[1m     input sent to parser-cmd:[0m
       rawmulti-lf   = '''null'''

[1m     output from parser-cmd (stdout):[0m
       {
         "rawmulti-lf": {"type": "string", "value": "null\u0010"}
       }

[1m     want:[0m
       Exit code 1

[1;38;5;0;48;5;224mFAIL[0m [1minvalid/control/rawmulti-null[0m
[1;38;5;0;48;5;224m [0m    Expected an error, but no error was reported.

[1m     input sent to parser-cmd:[0m
       rawmulti-null = '''null '''

[1m     output from parser-cmd (stdout):[0m
       {
         "rawmulti-null": {"type": "string", "value": "null\u0000"}
       }

[1m     want:[0m
       Exit code 1

[1;38;5;0;48;5;224mFAIL[0m [1minvalid/control/rawmulti-us[0m
[1;38;5;0;48;5;224m [0m    Expected an error, but no error was reported.

[1m     input sent to parser-cmd:[0m
       rawmulti-us   = '''null'''

[1m     output from parser-cmd (stdout):[0m
       {
         "rawmulti-us": {"type": "string", "value": "null\u001f"}
       }

[1m     want:[0m
       Exit code 1

[1;38;5;0;48;5;224mFAIL[0m [1minvalid/control/rawstring-cr[0m
[1;38;5;0;48;5;224m [0m    Expected an error, but no error was reported.

[1m     input sent to parser-cmd:[0m
       rawstring-cr   = 'null
'

[1m     output from parser-cmd (stdout):[0m
       {
         "rawstring-cr": {"type": "string", "value": "null"}
       }

[1m     want:[0m
       Exit code 1

[1;38;5;0;48;5;224mFAIL[0m [1minvalid/control/rawstring-del[0m
[1;38;5;0;48;5;224m [0m    Expected an error, but no error was reported.

[1m     input sent to parser-cmd:[0m
       rawstring-del  = 'null'

[1m     output from parser-cmd (stdout):[0m
       {
         "rawstring-del": {"type": "string", "value": "null"}
       }

[1m     want:[0m
       Exit code 1

[1;38;5;0;48;5;224mFAIL[0m [1minvalid/control/rawstring-lf[0m
[1;38;5;0;48;5;224m [0m    Expected an error, but no error was reported.

[1m     input sent to parser-cmd:[0m
       rawstring-lf   = 'null'

[1m     output from parser-cmd (stdout):[0m
       {
         "rawstring-lf": {"type": "string", "value": "null\u0010"}
       }

[1m     want:[0m
       Exit code 1

[1;38;5;0;48;5;224mFAIL[0m [1minvalid/control/rawstring-null[0m
[1;38;5;0;48;5;224m [0m    Expected an error, but no error was reported.

[1m     input sent to parser-cmd:[0m
       rawstring-null = 'null '

[1m     output from parser-cmd (stdout):[0m
       {
         "rawstring-null": {"type": "string", "value": "null\u0000"}
       }

[1m     want:[0m
       Exit code 1

[1;38;5;0;48;5;224mFAIL[0m [1minvalid/control/rawstring-us[0m
[1;38;5;0;48;5;224m [0m    Expected an error, but no error was reported.

[1m     input sent to parser-cmd:[0m
       rawstring-us   = 'null'

[1m     output from parser-cmd (stdout):[0m
       {
         "rawstring-us": {"type": "string", "value": "null\u001f"}
       }

[1m     want:[0m
       Exit code 1

[1;38;5;0;48;5;224mFAIL[0m [1minvalid/control/string-bs[0m
[1;38;5;0;48;5;224m [0m    Expected an error, but no error was reported.

[1m     input sent to parser-cmd:[0m
       string-bs   = "backspace"

[1m     output from parser-cmd (stdout):[0m
       {
         "string-bs": {"type": "string", "value": "backspace\b"}
       }

[1m     want:[0m
       Exit code 1

[1;38;5;0;48;5;224mFAIL[0m [1minvalid/control/string-cr[0m
[1;38;5;0;48;5;224m [0m    Expected an error, but no error was reported.

[1m     input sent to parser-cmd:[0m
       string-cr   = "null
"

[1m     output from parser-cmd (stdout):[0m
       {
         "string-cr": {"type": "string", "value": "null"}
       }

[1m     want:[0m
       Exit code 1

[1;38;5;0;48;5;224mFAIL[0m [1minvalid/control/string-del[0m
[1;38;5;0;48;5;224m [0m    Expected an error, but no error was reported.

[1m     input sent to parser-cmd:[0m
       string-del  = "null"

[1m     output from parser-cmd (stdout):[0m
       {
         "string-del": {"type": "string", "value": "null"}
       }

[1m     want:[0m
       Exit code 1

[1;38;5;0;48;5;224mFAIL[0m [1minvalid/control/string-lf[0m
[1;38;5;0;48;5;224m [0m    Expected an error, but no error was reported.

[1m     input sent to parser-cmd:[0m
       string-lf   = "null"

[1m     output from parser-cmd (stdout):[0m
       {
         "string-lf": {"type": "string", "value": "null\u0010"}
       }

[1m     want:[0m
       Exit code 1

[1;38;5;0;48;5;224mFAIL[0m [1minvalid/control/string-null[0m
[1;38;5;0;48;5;224m [0m    Expected an error, but no error was reported.

[1m     input sent to parser-cmd:[0m
       string-null = "null "

[1m     output from parser-cmd (stdout):[0m
       {
         "string-null": {"type": "string", "value": "null\u0000"}
       }

[1m     want:[0m
       Exit code 1

[1;38;5;0;48;5;224mFAIL[0m [1minvalid/control/string-us[0m
[1;38;5;0;48;5;224m [0m    Expected an error, but no error was reported.

[1m     input sent to parser-cmd:[0m
       string-us   = "null"

[1m     output from parser-cmd (stdout):[0m
       {
         "string-us": {"type": "string", "value": "null\u001f"}
       }

[1m     want:[0m
       Exit code 1

[1;38;5;0;48;5;224mFAIL[0m [1minvalid/datetime/no-leads-with-milli[0m
[1;38;5;0;48;5;224m [0m    Expected an error, but no error was reported.

[1m     input sent to parser-cmd:[0m
       # Day "5" instead of "05"; the leading zero is required.
       with-milli = 1987-07-5T17:45:00.12Z

[1m     output from parser-cmd (stdout):[0m
       {
         "with-milli": {"type": "datetime", "value": "1987-07-5T17:45:00.12Z"}
       }

[1m     want:[0m
       Exit code 1

[1;38;5;0;48;5;224mFAIL[0m [1minvalid/datetime/offset-overflow-hour[0m
[1;38;5;0;48;5;224m [0m    Expected an error, but no error was reported.

[1m     input sent to parser-cmd:[0m
       # Hour must be 00-24
       d = 1985-06-18 17:04:07+25:00

[1m     output from parser-cmd (stdout):[0m
       {
         "d": {"type": "datetime", "value": "1985-06-18T17:04:07+25:00"}
       }

[1m     want:[0m
       Exit code 1

[1;38;5;0;48;5;224mFAIL[0m [1minvalid/datetime/offset-overflow-minute[0m
[1;38;5;0;48;5;224m [0m    Expected an error, but no error was reported.

[1m     input sent to parser-cmd:[0m
       # Minute must be 00-59; we allow 60 too because some people do write offsets of
       # 60 minutes
       d = 1985-06-18 17:04:07+12:61

[1m     output from parser-cmd (stdout):[0m
       {
         "d": {"type": "datetime", "value": "1985-06-18T17:04:07+12:61"}
       }

[1m     want:[0m
       Exit code 1

[1;38;5;0;48;5;224mFAIL[0m [1minvalid/encoding/bad-codepoint[0m
[1;38;5;0;48;5;224m [0m    Expected an error, but no error was reported.

[1m     input sent to parser-cmd:[0m
       # Invalid codepoint U+D800 : ÝáÇ

[1m     output from parser-cmd (stdout):[0m
       {}

[1m     want:[0m
       Exit code 1

[1;38;5;0;48;5;224mFAIL[0m [1minvalid/encoding/bad-utf8-at-end[0m
[1;38;5;0;48;5;224m [0m    Expected an error, but no error was reported.

[1m     input sent to parser-cmd:[0m
       # There is a 0xda at after the quotes, and no EOL at the end of the file.
       #
       # This is a bit of an edge case: This indicates there should be two bytes
       # (0b1101_1010) but there is no byte to follow because it's the end of the file.
       x = """"""┌

[1m     output from parser-cmd (stdout):[0m
       {
         "x": {"type": "string", "value": ""}
       }

[1m     want:[0m
       Exit code 1

[1;38;5;0;48;5;224mFAIL[0m [1minvalid/encoding/bad-utf8-in-comment[0m
[1;38;5;0;48;5;224m [0m    Expected an error, but no error was reported.

[1m     input sent to parser-cmd:[0m
       # ├

[1m     output from parser-cmd (stdout):[0m
       {}

[1m     want:[0m
       Exit code 1

[1;38;5;0;48;5;224mFAIL[0m [1minvalid/encoding/bad-utf8-in-multiline[0m
[1;38;5;0;48;5;224m [0m    Expected an error, but no error was reported.

[1m     input sent to parser-cmd:[0m
       # The following line contains an invalid UTF-8 sequence.
       bad = """├"""

[1m     output from parser-cmd (stdout):[0m
       {
         "bad": {"type": "string", "value": "´┐¢"}
       }

[1m     want:[0m
       Exit code 1

[1;38;5;0;48;5;224mFAIL[0m [1minvalid/encoding/bad-utf8-in-multiline-literal[0m
[1;38;5;0;48;5;224m [0m    Expected an error, but no error was reported.

[1m     input sent to parser-cmd:[0m
       # The following line contains an invalid UTF-8 sequence.
       bad = '''├'''

[1m     output from parser-cmd (stdout):[0m
       {
         "bad": {"type": "string", "value": "´┐¢"}
       }

[1m     want:[0m
       Exit code 1

[1;38;5;0;48;5;224mFAIL[0m [1minvalid/encoding/bad-utf8-in-string[0m
[1;38;5;0;48;5;224m [0m    Expected an error, but no error was reported.

[1m     input sent to parser-cmd:[0m
       # The following line contains an invalid UTF-8 sequence.
       bad = "├"

[1m     output from parser-cmd (stdout):[0m
       {
         "bad": {"type": "string", "value": "´┐¢"}
       }

[1m     want:[0m
       Exit code 1

[1;38;5;0;48;5;224mFAIL[0m [1minvalid/encoding/bad-utf8-in-string-literal[0m
[1;38;5;0;48;5;224m [0m    Expected an error, but no error was reported.

[1m     input sent to parser-cmd:[0m
       # The following line contains an invalid UTF-8 sequence.
       bad = '├'

[1m     output from parser-cmd (stdout):[0m
       {
         "bad": {"type": "string", "value": "´┐¢"}
       }

[1m     want:[0m
       Exit code 1

[1;38;5;0;48;5;224mFAIL[0m [1minvalid/encoding/utf16-bom[0m
[1;38;5;0;48;5;224m [0m    Expected an error, but no error was reported.

[1m     input sent to parser-cmd:[0m
       ■  #   U T F - 1 6   w i t h   B O M 

[1m     output from parser-cmd (stdout):[0m
       {}

[1m     want:[0m
       Exit code 1

[1;38;5;0;48;5;224mFAIL[0m [1minvalid/encoding/utf16-comment[0m
[1;38;5;0;48;5;224m [0m    Expected an error, but no error was reported.

[1m     input sent to parser-cmd:[0m
        #   U T F - 1 6   w i t h o u t   B O M 

[1m     output from parser-cmd (stdout):[0m
       {}

[1m     want:[0m
       Exit code 1

[1;38;5;0;48;5;224mFAIL[0m [1minvalid/encoding/utf16-key[0m
[1;38;5;0;48;5;224m [0m    Expected an error, but no error was reported.

[1m     input sent to parser-cmd:[0m
        k   =   " v " 

[1m     output from parser-cmd (stdout):[0m
       {
         "k": {"type": "string", "value": "\u0000v\u0000"}
       }

[1m     want:[0m
       Exit code 1

[1;38;5;0;48;5;224mFAIL[0m [1minvalid/float/exp-double-us[0m
[1;38;5;0;48;5;224m [0m    Expected an error, but no error was reported.

[1m     input sent to parser-cmd:[0m
       exp-double-us = 1e__23

[1m     output from parser-cmd (stdout):[0m
       {
         "exp-double-us": {"type": "float", "value": "1E23"}
       }

[1m     want:[0m
       Exit code 1

[1;38;5;0;48;5;224mFAIL[0m [1minvalid/float/exp-leading-us[0m
[1;38;5;0;48;5;224m [0m    Expected an error, but no error was reported.

[1m     input sent to parser-cmd:[0m
       exp-leading-us = 1e_23

[1m     output from parser-cmd (stdout):[0m
       {
         "exp-leading-us": {"type": "float", "value": "1E23"}
       }

[1m     want:[0m
       Exit code 1

[1;38;5;0;48;5;224mFAIL[0m [1minvalid/float/exp-point-2[0m
[1;38;5;0;48;5;224m [0m    Expected an error, but no error was reported.

[1m     input sent to parser-cmd:[0m
       exp-point-2 = 1.e2

[1m     output from parser-cmd (stdout):[0m
       {
         "exp-point-2": {"type": "float", "value": "100"}
       }

[1m     want:[0m
       Exit code 1

[1;38;5;0;48;5;224mFAIL[0m [1minvalid/float/exp-point-3[0m
[1;38;5;0;48;5;224m [0m    Expected an error, but no error was reported.

[1m     input sent to parser-cmd:[0m
       exp-point-3 = 3.e+20

[1m     output from parser-cmd (stdout):[0m
       {
         "exp-point-3": {"type": "float", "value": "3E20"}
       }

[1m     want:[0m
       Exit code 1

[1;38;5;0;48;5;224mFAIL[0m [1minvalid/float/exp-trailing-us[0m
[1;38;5;0;48;5;224m [0m    Expected an error, but no error was reported.

[1m     input sent to parser-cmd:[0m
       exp-trailing-us = 1e23_

[1m     output from parser-cmd (stdout):[0m
       {
         "exp-trailing-us": {"type": "float", "value": "1E23"}
       }

[1m     want:[0m
       Exit code 1

[1;38;5;0;48;5;224mFAIL[0m [1minvalid/float/exp-trailing-us-1[0m
[1;38;5;0;48;5;224m [0m    Expected an error, but no error was reported.

[1m     input sent to parser-cmd:[0m
       exp-trailing-us-1 = 1_e2

[1m     output from parser-cmd (stdout):[0m
       {
         "exp-trailing-us-1": {"type": "float", "value": "100"}
       }

[1m     want:[0m
       Exit code 1

[1;38;5;0;48;5;224mFAIL[0m [1minvalid/float/exp-trailing-us-2[0m
[1;38;5;0;48;5;224m [0m    Expected an error, but no error was reported.

[1m     input sent to parser-cmd:[0m
       exp-trailing-us-2 = 1.2_e2

[1m     output from parser-cmd (stdout):[0m
       {
         "exp-trailing-us-2": {"type": "float", "value": "120"}
       }

[1m     want:[0m
       Exit code 1

[1;38;5;0;48;5;224mFAIL[0m [1minvalid/float/leading-point-neg[0m
[1;38;5;0;48;5;224m [0m    Expected an error, but no error was reported.

[1m     input sent to parser-cmd:[0m
       leading-point-neg = -.12345

[1m     output from parser-cmd (stdout):[0m
       {
         "leading-point-neg": {"type": "float", "value": "-0.12345"}
       }

[1m     want:[0m
       Exit code 1

[1;38;5;0;48;5;224mFAIL[0m [1minvalid/float/leading-point-plus[0m
[1;38;5;0;48;5;224m [0m    Expected an error, but no error was reported.

[1m     input sent to parser-cmd:[0m
       leading-point-plus = +.12345

[1m     output from parser-cmd (stdout):[0m
       {
         "leading-point-plus": {"type": "float", "value": "0.12345"}
       }

[1m     want:[0m
       Exit code 1

[1;38;5;0;48;5;224mFAIL[0m [1minvalid/float/trailing-point[0m
[1;38;5;0;48;5;224m [0m    Expected an error, but no error was reported.

[1m     input sent to parser-cmd:[0m
       trailing-point = 1.

[1m     output from parser-cmd (stdout):[0m
       {
         "trailing-point": {"type": "float", "value": "1"}
       }

[1m     want:[0m
       Exit code 1

[1;38;5;0;48;5;224mFAIL[0m [1minvalid/float/trailing-point-min[0m
[1;38;5;0;48;5;224m [0m    Expected an error, but no error was reported.

[1m     input sent to parser-cmd:[0m
       trailing-point-min = -1.

[1m     output from parser-cmd (stdout):[0m
       {
         "trailing-point-min": {"type": "float", "value": "-1"}
       }

[1m     want:[0m
       Exit code 1

[1;38;5;0;48;5;224mFAIL[0m [1minvalid/float/trailing-point-plus[0m
[1;38;5;0;48;5;224m [0m    Expected an error, but no error was reported.

[1m     input sent to parser-cmd:[0m
       trailing-point-plus = +1.

[1m     output from parser-cmd (stdout):[0m
       {
         "trailing-point-plus": {"type": "float", "value": "1"}
       }

[1m     want:[0m
       Exit code 1

[1;38;5;0;48;5;224mFAIL[0m [1minvalid/float/trailing-us[0m
[1;38;5;0;48;5;224m [0m    Expected an error, but no error was reported.

[1m     input sent to parser-cmd:[0m
       trailing-us = 1.2_

[1m     output from parser-cmd (stdout):[0m
       {
         "trailing-us": {"type": "float", "value": "1.2"}
       }

[1m     want:[0m
       Exit code 1

[1;38;5;0;48;5;224mFAIL[0m [1minvalid/float/trailing-us-exp-1[0m
[1;38;5;0;48;5;224m [0m    Expected an error, but no error was reported.

[1m     input sent to parser-cmd:[0m
       trailing-us-exp-1 = 1_e2

[1m     output from parser-cmd (stdout):[0m
       {
         "trailing-us-exp-1": {"type": "float", "value": "100"}
       }

[1m     want:[0m
       Exit code 1

[1;38;5;0;48;5;224mFAIL[0m [1minvalid/float/trailing-us-exp-2[0m
[1;38;5;0;48;5;224m [0m    Expected an error, but no error was reported.

[1m     input sent to parser-cmd:[0m
       trailing-us-exp-2 = 1.2_e2

[1m     output from parser-cmd (stdout):[0m
       {
         "trailing-us-exp-2": {"type": "float", "value": "120"}
       }

[1m     want:[0m
       Exit code 1

[1;38;5;0;48;5;224mFAIL[0m [1minvalid/float/us-after-point[0m
[1;38;5;0;48;5;224m [0m    Expected an error, but no error was reported.

[1m     input sent to parser-cmd:[0m
       us-after-point = 1._2

[1m     output from parser-cmd (stdout):[0m
       {
         "us-after-point": {"type": "float", "value": "1.2"}
       }

[1m     want:[0m
       Exit code 1

[1;38;5;0;48;5;224mFAIL[0m [1minvalid/float/us-before-point[0m
[1;38;5;0;48;5;224m [0m    Expected an error, but no error was reported.

[1m     input sent to parser-cmd:[0m
       us-before-point = 1_.2

[1m     output from parser-cmd (stdout):[0m
       {
         "us-before-point": {"type": "float", "value": "1.2"}
       }

[1m     want:[0m
       Exit code 1

[1;38;5;0;48;5;224mFAIL[0m [1minvalid/inline-table/duplicate-key-3[0m
[1;38;5;0;48;5;224m [0m    Expected an error, but no error was reported.

[1m     input sent to parser-cmd:[0m
       tbl = { fruit = { apple.color = "red" }, fruit.apple.texture = { smooth = true } }

[1m     output from parser-cmd (stdout):[0m
       {
         "tbl": {
           "fruit": {
             "apple": {
               "color": {"type": "string", "value": "red"},
               "texture": {
                 "smooth": {"type": "bool", "value": "true"}
               }
             }
           }
         }
       }

[1m     want:[0m
       Exit code 1

[1;38;5;0;48;5;224mFAIL[0m [1minvalid/inline-table/overwrite-02[0m
[1;38;5;0;48;5;224m [0m    Expected an error, but no error was reported.

[1m     input sent to parser-cmd:[0m
       a={}
       # Inline tables are immutable and can't be extended
       [a.b]

[1m     output from parser-cmd (stdout):[0m
       {
         "a": {
           "b": {}
         }
       }

[1m     want:[0m
       Exit code 1

[1;38;5;0;48;5;224mFAIL[0m [1minvalid/inline-table/overwrite-05[0m
[1;38;5;0;48;5;224m [0m    Expected an error, but no error was reported.

[1m     input sent to parser-cmd:[0m
       inline-t = { nest = {} }

       [inline-t.nest]

[1m     output from parser-cmd (stdout):[0m
       {
         "inline-t": {
           "nest": {}
         }
       }

[1m     want:[0m
       Exit code 1

[1;38;5;0;48;5;224mFAIL[0m [1minvalid/inline-table/overwrite-08[0m
[1;38;5;0;48;5;224m [0m    Expected an error, but no error was reported.

[1m     input sent to parser-cmd:[0m
       tab = { inner = { dog = "best" }, inner.cat = "worst" }

[1m     output from parser-cmd (stdout):[0m
       {
         "tab": {
           "inner": {
             "cat": {"type": "string", "value": "worst"},
             "dog": {"type": "string", "value": "best"}
           }
         }
       }

[1m     want:[0m
       Exit code 1

[1;38;5;0;48;5;224mFAIL[0m [1minvalid/inline-table/trailing-comma[0m
[1;38;5;0;48;5;224m [0m    Expected an error, but no error was reported.

[1m     input sent to parser-cmd:[0m
       # A terminating comma (also called trailing comma) is not permitted after the
       # last key/value pair in an inline table
       abc = { abc = 123, }

[1m     output from parser-cmd (stdout):[0m
       {
         "abc": {
           "abc": {"type": "integer", "value": "123"}
         }
       }

[1m     want:[0m
       Exit code 1

[1;38;5;0;48;5;224mFAIL[0m [1minvalid/integer/double-us[0m
[1;38;5;0;48;5;224m [0m    Expected an error, but no error was reported.

[1m     input sent to parser-cmd:[0m
       double-us = 1__23

[1m     output from parser-cmd (stdout):[0m
       {
         "double-us": {"type": "integer", "value": "123"}
       }

[1m     want:[0m
       Exit code 1

[1;38;5;0;48;5;224mFAIL[0m [1minvalid/integer/incomplete-bin[0m
[1;38;5;0;48;5;224m [0m    Expected an error, but no error was reported.

[1m     input sent to parser-cmd:[0m
       incomplete-bin = 0b

[1m     output from parser-cmd (stdout):[0m
       {
         "incomplete-bin": {"type": "integer", "value": "0"}
       }

[1m     want:[0m
       Exit code 1

[1;38;5;0;48;5;224mFAIL[0m [1minvalid/integer/incomplete-oct[0m
[1;38;5;0;48;5;224m [0m    Expected an error, but no error was reported.

[1m     input sent to parser-cmd:[0m
       incomplete-oct = 0o

[1m     output from parser-cmd (stdout):[0m
       {
         "incomplete-oct": {"type": "integer", "value": "0"}
       }

[1m     want:[0m
       Exit code 1

[1;38;5;0;48;5;224mFAIL[0m [1minvalid/integer/trailing-us[0m
[1;38;5;0;48;5;224m [0m    Expected an error, but no error was reported.

[1m     input sent to parser-cmd:[0m
       trailing-us = 123_

[1m     output from parser-cmd (stdout):[0m
       {
         "trailing-us": {"type": "integer", "value": "123"}
       }

[1m     want:[0m
       Exit code 1

[1;38;5;0;48;5;224mFAIL[0m [1minvalid/integer/trailing-us-bin[0m
[1;38;5;0;48;5;224m [0m    Expected an error, but no error was reported.

[1m     input sent to parser-cmd:[0m
       trailing-us-bin = 0b1_

[1m     output from parser-cmd (stdout):[0m
       {
         "trailing-us-bin": {"type": "integer", "value": "1"}
       }

[1m     want:[0m
       Exit code 1

[1;38;5;0;48;5;224mFAIL[0m [1minvalid/integer/trailing-us-hex[0m
[1;38;5;0;48;5;224m [0m    Expected an error, but no error was reported.

[1m     input sent to parser-cmd:[0m
       trailing-us-hex = 0x1_

[1m     output from parser-cmd (stdout):[0m
       {
         "trailing-us-hex": {"type": "integer", "value": "1"}
       }

[1m     want:[0m
       Exit code 1

[1;38;5;0;48;5;224mFAIL[0m [1minvalid/integer/trailing-us-oct[0m
[1;38;5;0;48;5;224m [0m    Expected an error, but no error was reported.

[1m     input sent to parser-cmd:[0m
       trailing-us-oct = 0o1_

[1m     output from parser-cmd (stdout):[0m
       {
         "trailing-us-oct": {"type": "integer", "value": "1"}
       }

[1m     want:[0m
       Exit code 1

[1;38;5;0;48;5;224mFAIL[0m [1minvalid/integer/us-after-bin[0m
[1;38;5;0;48;5;224m [0m    Expected an error, but no error was reported.

[1m     input sent to parser-cmd:[0m
       us-after-bin = 0b_1

[1m     output from parser-cmd (stdout):[0m
       {
         "us-after-bin": {"type": "integer", "value": "1"}
       }

[1m     want:[0m
       Exit code 1

[1;38;5;0;48;5;224mFAIL[0m [1minvalid/integer/us-after-hex[0m
[1;38;5;0;48;5;224m [0m    Expected an error, but no error was reported.

[1m     input sent to parser-cmd:[0m
       us-after-hex = 0x_1

[1m     output from parser-cmd (stdout):[0m
       {
         "us-after-hex": {"type": "integer", "value": "1"}
       }

[1m     want:[0m
       Exit code 1

[1;38;5;0;48;5;224mFAIL[0m [1minvalid/integer/us-after-oct[0m
[1;38;5;0;48;5;224m [0m    Expected an error, but no error was reported.

[1m     input sent to parser-cmd:[0m
       us-after-oct = 0o_1

[1m     output from parser-cmd (stdout):[0m
       {
         "us-after-oct": {"type": "integer", "value": "1"}
       }

[1m     want:[0m
       Exit code 1

[1;38;5;0;48;5;224mFAIL[0m [1minvalid/key/after-array[0m
[1;38;5;0;48;5;224m [0m    Expected an error, but no error was reported.

[1m     input sent to parser-cmd:[0m
       [[agencies]] owner = "S Cjelli"

[1m     output from parser-cmd (stdout):[0m
       {
         "agencies": [{
           "owner": {"type": "string", "value": "S Cjelli"}
         }]
       }

[1m     want:[0m
       Exit code 1

[1;38;5;0;48;5;224mFAIL[0m [1minvalid/key/after-table[0m
[1;38;5;0;48;5;224m [0m    Expected an error, but no error was reported.

[1m     input sent to parser-cmd:[0m
       [error] this = "should not be here"

[1m     output from parser-cmd (stdout):[0m
       {
         "error": {
           "this": {"type": "string", "value": "should not be here"}
         }
       }

[1m     want:[0m
       Exit code 1

[1;38;5;0;48;5;224mFAIL[0m [1minvalid/key/after-value[0m
[1;38;5;0;48;5;224m [0m    Expected an error, but no error was reported.

[1m     input sent to parser-cmd:[0m
       first = "Tom" last = "Preston-Werner" # INVALID

[1m     output from parser-cmd (stdout):[0m
       {
         "first": {"type": "string", "value": "Tom"},
         "last":  {"type": "string", "value": "Preston-Werner"}
       }

[1m     want:[0m
       Exit code 1

[1;38;5;0;48;5;224mFAIL[0m [1minvalid/key/escape[0m
[1;38;5;0;48;5;224m [0m    Expected an error, but no error was reported.

[1m     input sent to parser-cmd:[0m
       \u00c0 = "latin capital letter A with grave"

[1m     output from parser-cmd (stdout):[0m
       {
         "u00c0": {"type": "string", "value": "latin capital letter A with grave"}
       }

[1m     want:[0m
       Exit code 1

[1;38;5;0;48;5;224mFAIL[0m [1minvalid/key/newline-2[0m
[1;38;5;0;48;5;224m [0m    Expected an error, but no error was reported.

[1m     input sent to parser-cmd:[0m
       "quoted
       key" = 1

[1m     output from parser-cmd (stdout):[0m
       {
         "quoted\nkey": {"type": "integer", "value": "1"}
       }

[1m     want:[0m
       Exit code 1

[1;38;5;0;48;5;224mFAIL[0m [1minvalid/key/newline-3[0m
[1;38;5;0;48;5;224m [0m    Expected an error, but no error was reported.

[1m     input sent to parser-cmd:[0m
       'quoted
       key' = 1

[1m     output from parser-cmd (stdout):[0m
       {
         "quoted\nkey": {"type": "integer", "value": "1"}
       }

[1m     want:[0m
       Exit code 1

[1;38;5;0;48;5;224mFAIL[0m [1minvalid/key/no-eol[0m
[1;38;5;0;48;5;224m [0m    Expected an error, but no error was reported.

[1m     input sent to parser-cmd:[0m
       a = 1 b = 2

[1m     output from parser-cmd (stdout):[0m
       {
         "a": {"type": "integer", "value": "1"},
         "b": {"type": "integer", "value": "2"}
       }

[1m     want:[0m
       Exit code 1

[1;38;5;0;48;5;224mFAIL[0m [1minvalid/key/special-character[0m
[1;38;5;0;48;5;224m [0m    Expected an error, but no error was reported.

[1m     input sent to parser-cmd:[0m
       ╬╝ = "greek small letter mu"

[1m     output from parser-cmd (stdout):[0m
       {
         "╬╝": {"type": "string", "value": "greek small letter mu"}
       }

[1m     want:[0m
       Exit code 1

[1;38;5;0;48;5;224mFAIL[0m [1minvalid/local-date/no-leads-with-milli[0m
[1;38;5;0;48;5;224m [0m    Expected an error, but no error was reported.

[1m     input sent to parser-cmd:[0m
       # Day "5" instead of "05"; the leading zero is required.
       with-milli = 1987-07-5

[1m     output from parser-cmd (stdout):[0m
       {
         "with-milli": {"type": "date-local", "value": "1987-07-5"}
       }

[1m     want:[0m
       Exit code 1

[1;38;5;0;48;5;224mFAIL[0m [1minvalid/local-datetime/no-leads-with-milli[0m
[1;38;5;0;48;5;224m [0m    Expected an error, but no error was reported.

[1m     input sent to parser-cmd:[0m
       # Day "5" instead of "05"; the leading zero is required.
       with-milli = 1987-07-5T17:45:00.12

[1m     output from parser-cmd (stdout):[0m
       {
         "with-milli": {"type": "datetime-local", "value": "1987-07-5T17:45:00.12"}
       }

[1m     want:[0m
       Exit code 1

[1;38;5;0;48;5;224mFAIL[0m [1minvalid/local-time/time-no-leads-2[0m
[1;38;5;0;48;5;224m [0m    Expected an error, but no error was reported.

[1m     input sent to parser-cmd:[0m
       # Leading 0 is always required.
       d = 01:32:0

[1m     output from parser-cmd (stdout):[0m
       {
         "d": {"type": "time-local", "value": "01:32:0"}
       }

[1m     want:[0m
       Exit code 1

[1;38;5;0;48;5;224mFAIL[0m [1minvalid/spec/inline-table-2-0[0m
[1;38;5;0;48;5;224m [0m    Expected an error, but no error was reported.

[1m     input sent to parser-cmd:[0m
       [product]
       type = { name = "Nail" }
       type.edible = false  # INVALID

[1m     output from parser-cmd (stdout):[0m
       {
         "product": {
           "type": {
             "edible": {"type": "bool", "value": "false"},
             "name":   {"type": "string", "value": "Nail"}
           }
         }
       }

[1m     want:[0m
       Exit code 1

[1;38;5;0;48;5;224mFAIL[0m [1minvalid/spec/table-9-0[0m
[1;38;5;0;48;5;224m [0m    Expected an error, but no error was reported.

[1m     input sent to parser-cmd:[0m
       [fruit]
       apple.color = "red"
       apple.taste.sweet = true

       [fruit.apple]  # INVALID
       # [fruit.apple.taste]  # INVALID

       [fruit.apple.texture]  # you can add sub-tables
       smooth = true

[1m     output from parser-cmd (stdout):[0m
       {
         "fruit": {
           "apple": {
             "color": {"type": "string", "value": "red"},
             "taste": {
               "sweet": {"type": "bool", "value": "true"}
             },
             "texture": {
               "smooth": {"type": "bool", "value": "true"}
             }
           }
         }
       }

[1m     want:[0m
       Exit code 1

[1;38;5;0;48;5;224mFAIL[0m [1minvalid/spec/table-9-1[0m
[1;38;5;0;48;5;224m [0m    Expected an error, but no error was reported.

[1m     input sent to parser-cmd:[0m
       [fruit]
       apple.color = "red"
       apple.taste.sweet = true

       # [fruit.apple]  # INVALID
       [fruit.apple.taste]  # INVALID

       [fruit.apple.texture]  # you can add sub-tables
       smooth = true

[1m     output from parser-cmd (stdout):[0m
       {
         "fruit": {
           "apple": {
             "color": {"type": "string", "value": "red"},
             "taste": {
               "sweet": {"type": "bool", "value": "true"}
             },
             "texture": {
               "smooth": {"type": "bool", "value": "true"}
             }
           }
         }
       }

[1m     want:[0m
       Exit code 1

[1;38;5;0;48;5;224mFAIL[0m [1minvalid/string/bad-multiline[0m
[1;38;5;0;48;5;224m [0m    Expected an error, but no error was reported.

[1m     input sent to parser-cmd:[0m
       multi = "first line
       second line"

[1m     output from parser-cmd (stdout):[0m
       {
         "multi": {"type": "string", "value": "first line\nsecond line"}
       }

[1m     want:[0m
       Exit code 1

[1;38;5;0;48;5;224mFAIL[0m [1minvalid/string/bad-slash-escape[0m
[1;38;5;0;48;5;224m [0m    Expected an error, but no error was reported.

[1m     input sent to parser-cmd:[0m
       invalid-escape = "This string has a bad \/ escape character."

[1m     output from parser-cmd (stdout):[0m
       {
         "invalid-escape": {"type": "string", "value": "This string has a bad / escape character."}
       }

[1m     want:[0m
       Exit code 1

[1;38;5;0;48;5;224mFAIL[0m [1minvalid/string/bad-uni-esc-6[0m
[1;38;5;0;48;5;224m [0m    Expected an error, but no error was reported.

[1m     input sent to parser-cmd:[0m
       bad-uni-esc-6 = "This string contains a non scalar unicode codepoint \uD801"

[1m     output from parser-cmd (stdout):[0m
       {
         "bad-uni-esc-6": {"type": "string", "value": "This string contains a non scalar unicode codepoint ´┐¢"}
       }

[1m     want:[0m
       Exit code 1

[1;38;5;0;48;5;224mFAIL[0m [1minvalid/string/basic-multiline-out-of-range-unicode-escape-1[0m
[1;38;5;0;48;5;224m [0m    Expected an error, but no error was reported.

[1m     input sent to parser-cmd:[0m
       a = """\UFFFFFFFF"""

[1m     output from parser-cmd (stdout):[0m
       {
         "a": {"type": "string", "value": "´┐┐"}
       }

[1m     want:[0m
       Exit code 1

[1;38;5;0;48;5;224mFAIL[0m [1minvalid/string/basic-out-of-range-unicode-escape-1[0m
[1;38;5;0;48;5;224m [0m    Expected an error, but no error was reported.

[1m     input sent to parser-cmd:[0m
       a = "\UFFFFFFFF"

[1m     output from parser-cmd (stdout):[0m
       {
         "a": {"type": "string", "value": "´┐┐"}
       }

[1m     want:[0m
       Exit code 1

[1;38;5;0;48;5;224mFAIL[0m [1minvalid/string/multiline-bad-escape-4[0m
[1;38;5;0;48;5;224m [0m    Expected an error, but no error was reported.

[1m     input sent to parser-cmd:[0m
       backslash = """\"""

[1m     output from parser-cmd (stdout):[0m
       {
         "backslash": {"type": "string", "value": "\"\"\""}
       }

[1m     want:[0m
       Exit code 1

[1;38;5;0;48;5;224mFAIL[0m [1minvalid/string/multiline-lit-no-close-1[0m
[1;38;5;0;48;5;224m [0m    Expected an error, but no error was reported.

[1m     input sent to parser-cmd:[0m
       invalid = '''
           this will fail

[1m     output from parser-cmd (stdout):[0m
       {
         "invalid": {"type": "string", "value": "    this will fail\n"}
       }

[1m     want:[0m
       Exit code 1

[1;38;5;0;48;5;224mFAIL[0m [1minvalid/string/multiline-lit-no-close-2[0m
[1;38;5;0;48;5;224m [0m    Expected an error, but no error was reported.

[1m     input sent to parser-cmd:[0m
       x='''

[1m     output from parser-cmd (stdout):[0m
       {
         "x": {"type": "string", "value": ""}
       }

[1m     want:[0m
       Exit code 1

[1;38;5;0;48;5;224mFAIL[0m [1minvalid/string/multiline-lit-no-close-3[0m
[1;38;5;0;48;5;224m [0m    Expected an error, but no error was reported.

[1m     input sent to parser-cmd:[0m
       not-closed= '''
       diibaa
       blibae ete
       eteta

[1m     output from parser-cmd (stdout):[0m
       {
         "not-closed": {"type": "string", "value": "diibaa\nblibae ete\neteta\n"}
       }

[1m     want:[0m
       Exit code 1

[1;38;5;0;48;5;224mFAIL[0m [1minvalid/string/multiline-lit-no-close-4[0m
[1;38;5;0;48;5;224m [0m    Expected an error, but no error was reported.

[1m     input sent to parser-cmd:[0m
       bee = '''
       hee
       gee ''

[1m     output from parser-cmd (stdout):[0m
       {
         "bee": {"type": "string", "value": "hee\ngee ''\n"}
       }

[1m     want:[0m
       Exit code 1

[1;38;5;0;48;5;224mFAIL[0m [1minvalid/string/multiline-no-close-1[0m
[1;38;5;0;48;5;224m [0m    Expected an error, but no error was reported.

[1m     input sent to parser-cmd:[0m
       invalid = """
           this will fail

[1m     output from parser-cmd (stdout):[0m
       {
         "invalid": {"type": "string", "value": "    this will fail\n"}
       }

[1m     want:[0m
       Exit code 1

[1;38;5;0;48;5;224mFAIL[0m [1minvalid/string/multiline-no-close-2[0m
[1;38;5;0;48;5;224m [0m    Expected an error, but no error was reported.

[1m     input sent to parser-cmd:[0m
       x="""

[1m     output from parser-cmd (stdout):[0m
       {
         "x": {"type": "string", "value": ""}
       }

[1m     want:[0m
       Exit code 1

[1;38;5;0;48;5;224mFAIL[0m [1minvalid/string/multiline-no-close-3[0m
[1;38;5;0;48;5;224m [0m    Expected an error, but no error was reported.

[1m     input sent to parser-cmd:[0m
       not-closed= """
       diibaa
       blibae ete
       eteta

[1m     output from parser-cmd (stdout):[0m
       {
         "not-closed": {"type": "string", "value": "diibaa\nblibae ete\neteta\n"}
       }

[1m     want:[0m
       Exit code 1

[1;38;5;0;48;5;224mFAIL[0m [1minvalid/string/multiline-no-close-4[0m
[1;38;5;0;48;5;224m [0m    Expected an error, but no error was reported.

[1m     input sent to parser-cmd:[0m
       bee = """
       hee
       gee ""

[1m     output from parser-cmd (stdout):[0m
       {
         "bee": {"type": "string", "value": "hee\ngee \"\"\n"}
       }

[1m     want:[0m
       Exit code 1

[1;38;5;0;48;5;224mFAIL[0m [1minvalid/string/multiline-no-close-5[0m
[1;38;5;0;48;5;224m [0m    Expected an error, but no error was reported.

[1m     input sent to parser-cmd:[0m
       bee = """
       hee
       gee\

[1m     output from parser-cmd (stdout):[0m
       {
         "bee": {"type": "string", "value": "hee\ngee"}
       }

[1m     want:[0m
       Exit code 1

[1;38;5;0;48;5;224mFAIL[0m [1minvalid/table/append-with-dotted-keys-1[0m
[1;38;5;0;48;5;224m [0m    Expected an error, but no error was reported.

[1m     input sent to parser-cmd:[0m
       # First a.b.c defines a table: a.b.c = {z=9}
       #
       # Then we define a.b.c.t = "str" to add a str to the above table, making it:
       #
       #   a.b.c = {z=9, t="..."}
       #
       # While this makes sense, logically, it was decided this is not valid TOML as
       # it's too confusing/convoluted.
       #
       # See: https://github.com/toml-lang/toml/issues/846
       #      https://github.com/toml-lang/toml/pull/859

       [a.b.c]
         z = 9

       [a]
         b.c.t = "Using dotted keys to add to [a.b.c] after explicitly defining it above is not allowed"

[1m     output from parser-cmd (stdout):[0m
       {
         "a": {
           "b": {
             "c": {
               "z": {"type": "integer", "value": "9"},
               "t": {
                 "type":  "string",
                 "value": "Using dotted keys to add to [a.b.c] after explicitly defining it above is not allowed"
               }
             }
           }
         }
       }

[1m     want:[0m
       Exit code 1

[1;38;5;0;48;5;224mFAIL[0m [1minvalid/table/append-with-dotted-keys-2[0m
[1;38;5;0;48;5;224m [0m    Expected an error, but no error was reported.

[1m     input sent to parser-cmd:[0m
       # This is the same issue as in injection-1.toml, except that nests one level
       # deeper. See that file for a more complete description.

       [a.b.c.d]
         z = 9

       [a]
         b.c.d.k.t = "Using dotted keys to add to [a.b.c.d] after explicitly defining it above is not allowed"

[1m     output from parser-cmd (stdout):[0m
       {
         "a": {
           "b": {
             "c": {
               "d": {
                 "z": {"type": "integer", "value": "9"},
                 "k": {
                   "t": {
                     "type":  "string",
                     "value": "Using dotted keys to add to [a.b.c.d] after explicitly defining it above is not allowed"
                   }
                 }
               }
             }
           }
         }
       }

[1m     want:[0m
       Exit code 1

[1;38;5;0;48;5;224mFAIL[0m [1minvalid/table/duplicate-key-dotted-table[0m
[1;38;5;0;48;5;224m [0m    Expected an error, but no error was reported.

[1m     input sent to parser-cmd:[0m
       [fruit]
       apple.color = "red"

       [fruit.apple] # INVALID

[1m     output from parser-cmd (stdout):[0m
       {
         "fruit": {
           "apple": {
             "color": {"type": "string", "value": "red"}
           }
         }
       }

[1m     want:[0m
       Exit code 1

[1;38;5;0;48;5;224mFAIL[0m [1minvalid/table/duplicate-key-dotted-table2[0m
[1;38;5;0;48;5;224m [0m    Expected an error, but no error was reported.

[1m     input sent to parser-cmd:[0m
       [fruit]
       apple.taste.sweet = true

       [fruit.apple.taste] # INVALID

[1m     output from parser-cmd (stdout):[0m
       {
         "fruit": {
           "apple": {
             "taste": {
               "sweet": {"type": "bool", "value": "true"}
             }
           }
         }
       }

[1m     want:[0m
       Exit code 1

[1;38;5;0;48;5;224mFAIL[0m [1minvalid/table/redefine-2[0m
[1;38;5;0;48;5;224m [0m    Expected an error, but no error was reported.

[1m     input sent to parser-cmd:[0m
       [t1]
       t2.t3.v = 0
       [t1.t2]

[1m     output from parser-cmd (stdout):[0m
       {
         "t1": {
           "t2": {
             "t3": {
               "v": {"type": "integer", "value": "0"}
             }
           }
         }
       }

[1m     want:[0m
       Exit code 1

[1;38;5;0;48;5;224mFAIL[0m [1minvalid/table/redefine-3[0m
[1;38;5;0;48;5;224m [0m    Expected an error, but no error was reported.

[1m     input sent to parser-cmd:[0m
       [t1]
       t2.t3.v = 0
       [t1.t2.t3]

[1m     output from parser-cmd (stdout):[0m
       {
         "t1": {
           "t2": {
             "t3": {
               "v": {"type": "integer", "value": "0"}
             }
           }
         }
       }

[1m     want:[0m
       Exit code 1

toml-test v2025-04-15 [Tests\toml-test-adapter\DX.TOML.TestAdapter.exe]: using embedded tests
  valid tests: 172 passed, 13 failed
invalid tests: 261 passed, 110 failed
